
asus@beny MINGW64 /d/Belajar WebDesain
$ git init
Initialized empty Git repository in D:/Belajar WebDesain/.git/

asus@beny MINGW64 /d/Belajar WebDesain (master)
$ git add .

asus@beny MINGW64 /d/Belajar WebDesain (master)
$ git commit -m "project web saya"
Author identity unknown

*** Please tell me who you are.

Run

  git config --global user.email "you@example.com"
  git config --global user.name "Your Name"

to set your account's default identity.
Omit --global to set the identity only in this repository.

fatal: unable to auto-detect email address (got 'asus@beny.(none)')

asus@beny MINGW64 /d/Belajar WebDesain (master)
$ git config --global user.email "benynr04@gmail.com"

asus@beny MINGW64 /d/Belajar WebDesain (master)
$ git config --global user.email "benAbiya"

asus@beny MINGW64 /d/Belajar WebDesain (master)
$ git remote add origin https://github.com/benAbiya/belajarwebdesain.git

asus@beny MINGW64 /d/Belajar WebDesain (master)
$ git push -u origin master
error: src refspec master does not match any
error: failed to push some refs to 'https://github.com/benAbiya/belajarwebdesain.git'

asus@beny MINGW64 /d/Belajar WebDesain (master)
$ git push -u origin master
error: src refspec master does not match any
error: failed to push some refs to 'https://github.com/benAbiya/belajarwebdesain.git'

asus@beny MINGW64 /d/Belajar WebDesain (master)
$ git init
Reinitialized existing Git repository in D:/Belajar WebDesain/.git/

asus@beny MINGW64 /d/Belajar WebDesain (master)
$ git add .

asus@beny MINGW64 /d/Belajar WebDesain (master)
$ git commit -m "test"
Author identity unknown

*** Please tell me who you are.

Run

  git config --global user.email "you@example.com"
  git config --global user.name "Your Name"

to set your account's default identity.
Omit --global to set the identity only in this repository.

fatal: empty ident name (for <benAbiya>) not allowed

asus@beny MINGW64 /d/Belajar WebDesain (master)
$ git config --global user.email "benynr04@gmail.com"

asus@beny MINGW64 /d/Belajar WebDesain (master)
$ git config --global user.email "benAbiya"

asus@beny MINGW64 /d/Belajar WebDesain (master)
$ git remote add origin https://github.com/benAbiya/belajarwebdesain.git
error: remote origin already exists.

asus@beny MINGW64 /d/Belajar WebDesain (master)
$ git push -u origin master
error: src refspec master does not match any
error: failed to push some refs to 'https://github.com/benAbiya/belajarwebdesain

asus@beny MINGW64 /d/Belajar WebDesain (master)
$ git commit -m "initial commit"
Author identity unknown

*** Please tell me who you are.

Run

  git config --global user.email "you@example.com"
  git config --global user.name "Your Name"

to set your account's default identity.
Omit --global to set the identity only in this repository.

fatal: empty ident name (for <benAbiya>) not allowed

asus@beny MINGW64 /d/Belajar WebDesain (master)
$ git config --global user.email "benynr04@gmail.com"

asus@beny MINGW64 /d/Belajar WebDesain (master)
$ git config --global user.name "benAbiya"

asus@beny MINGW64 /d/Belajar WebDesain (master)
$ git commit -m "initial commit"
[master (root-commit) 3d3bed4] initial commit
 4 files changed, 96 insertions(+)
 create mode 100644 day1-5.html
 create mode 100644 day1-6.html
 create mode 100644 day1-7.html
 create mode 100644 hyperlink.html

asus@beny MINGW64 /d/Belajar WebDesain (master)
$ git remote add origin https://github.com/benAbiya/belajarwebdesain.git
error: remote origin already exists.

asus@beny MINGW64 /d/Belajar WebDesain (master)
$ git push -u origin master

asus@beny MINGW64 /d/Belajar WebDesain (master)
$ git push -u origin master
Enumerating objects: 6, done.
Counting objects: 100% (6/6), done.
Delta compression using up to 4 threads
Compressing objects: 100% (6/6), done.
Writing objects: 100% (6/6), 1.54 KiB | 790.00 KiB/s, done.
Total 6 (delta 0), reused 0 (delta 0), pack-reused 0
To https://github.com/benAbiya/belajarwebdesain.git
 * [new branch]      master -> master
Branch 'master' set up to track remote branch 'master' from 'origin'.

asus@beny MINGW64 /d/Belajar WebDesain (master)
$
